// Vitest Snapshot v1, https://vitest.dev/guide/snapshot.html

exports[`headnote > 如果没有提供banner, 如果package.json存在但是需要的字段不存在 1`] = `
"/*!
 * Unknown v
 * 
 *
 * Copyright (c) 2025 
 * Licensed under the UNLICENSED license
 */
console.log('hi2')
"
`;
